  [list] offset=0 fetched 200
  [list] offset=200 fetched 192

[RidiDB] 392 books found

  [1/392]   [특별 세트] 황천의 츠가이 (총 10권)        |  24,500원 | -30% | same
  [2/392]   [완결 세트] 악역 영애 안의 사람            |  16,100원 | -30% | same
  [3/392]   [완결 세트] 자칭 악역 영애인 약혼자 관찰 ..    |  15,960원 | -30% | same
  [4/392]   [특별 세트] 고깔모자의 아틀리에 (총 14권..    |  37,240원 | -30% | same
  [5/392]   [완결 세트] ×××HOLiC (×××홀릭)       |  39,900원 | -30% | same
  [6/392]   [완결 세트] 카드캡터 사쿠라 애장판           |  25,200원 | -30% | same
  [7/392]   [기간한정 특별 세트] 보이시한 여자친구가 너..    |  12,600원 | -30% | same
  [8/392]   [특별 세트] 마도구사 리제, 개업합니다 (총..    |   6,400원 | -20% | same
  [9/392]   [특별 세트] 미움받는 아내는 영웅 장군과 이..    |   7,350원 | -30% | same
  [10/392]   [특별 세트] 카미이나 보탄, 취한 모습은 백..    |  10,500원 | -30% | same
  [11/392]   [특별 세트] ×××HOLiCㆍ戾 (×××홀릭..    |   9,800원 | -30% | same
  [12/392]   [기간한정 특별 세트] 유부녀 교사가 여고생 ..    |  16,100원 | -30% | same
  [13/392]   [특별 세트] 전하, 당신이 버린 여자가 진짜..    |   6,400원 | -20% | same
  [14/392]   [완결 세트] 카드캡터 사쿠라 클리어 카드 편      |  39,900원 | -30% | same
  [15/392]   [특별 세트] 매리지 톡신 (총 11권)         |  35,200원 | -20% | same
  [16/392]   [완결 세트] 마법기사 레이어스              |  26,460원 | -30% | same
  [17/392]   [완결 세트] 츠바사                    |  88,200원 | -30% | same
  [18/392]   [특별 세트] [코믹] 신의 정원이 딸린 쿠스..    |   6,300원 | -30% | same
  [19/392]   [특별 세트] 얼음 성벽 (총 11권)          |  61,600원 | -20% | same
  [20/392]   [특별 세트] 안경, 때때로, 불량아 (총 1..    |  28,000원 | -30% | same
  [21/392]   [특별 세트] [코믹] 비극의 원흉이 되는 최..    |   8,400원 | -30% | same
  [22/392]   [특별 세트] Fate/strange Fake..    |  28,350원 | -30% | same
  [23/392]   [완결 세트] 쵸비츠(애장판)               |  15,120원 | -30% | same
  [24/392]   [특별 세트] 춘하추동 대행자 (총 5권)        |  23,100원 | -40% | same
  [25/392]   [기간한정 특별 세트] 하나노이 군과 상사병 ..    |  38,850원 | -30% | same
  [26/392]   [특별 세트] [코믹] 춘하추동 대행자 봄의 ..    |   8,400원 | -30% | same
  [27/392]   [특별 세트] 천막의 자두가르 (총 5권)        |  14,000원 | -30% | same
  [28/392]   [특별 세트] 어제 뭐 먹었어? (총 24권)      |  53,760원 | -30% | same
  [29/392]   [완결 세트] 츠바사 니라이카나이 편           |  11,340원 | -30% | same
  [30/392]   [특별 세트] 최애가 오빠가 되었습니다 (총 ..    |  28,000원 | -30% | same
  [31/392]   [완결 세트] 도쿄 BABYLON (도쿄 바빌..    |  15,750원 | -30% | same
  [32/392]   [특별 세트] 소동물계 영애는 얼음 왕자에게 ..    |  18,900원 | -30% | same
  [33/392]   [완결 세트] 엔젤릭 레이어                |   8,750원 | -30% | same
  [34/392]   [완결 세트] 나의 히어로 아카데미아           |  88,200원 | -30% | same
  [35/392]   [특별 세트] 영애는 여유를 소망한다. (총 ..    |   7,980원 | -30% | same
  [36/392]   [특별 세트] 악역 영식의 어떻게든 하고 싶은..    |  12,250원 | -30% | same
  [37/392]   [특별 세트] 킬 블루 (총 9권)            |  28,800원 | -20% | same
  [38/392]   [특별 세트] 악마에 입문했습니다! 이루마 군..    |  12,600원 | -30% | same
  [39/392]   [완결 세트] YAIBA 야이바 완전판          |  66,500원 | -30% | same
  [40/392]   [완결 세트] 뒤늦게 청춘                 |  14,000원 | -30% | same
  [41/392]   [특별 세트] 한밤중 하트튠 (총 9권)         |  28,350원 | -30% | NEW
  [42/392]   [특별 세트] 놓친 물고기는 컸지만 잡은 물고..    |  22,050원 | -30% | same
  [43/392]   [특별 세트] 온화한 귀족의 휴가의 권장 (총..    |  25,200원 | -30% | same
  [44/392]   [특별 세트] 카난 님은 초보 악마 (총 10..    |  26,600원 | -30% | same
  [45/392]   [특별 세트] CLAMP PREMIUM COL..    |  56,700원 | -30% | same
  [46/392]   [특별 세트] 악마에 입문했습니다! 이루마 군..    |  94,500원 | -30% | same
  [47/392]   [완결 세트] 론리 걸에게 거역할 수 없어        |  16,100원 | -30% | same
  [48/392]   [특별 세트] 상냥한 밀크 (총 4권)          |   8,400원 | -30% | same
  [49/392]   [특별 세트] [코믹] 사일런트 위치 (총 5..    |  14,000원 | -30% | NEW
  [50/392]   [완결 세트] 나의 여신님이 오늘도 아름다워       |   4,900원 | -30% | NEW
  [51/392]   [완결 세트] 언데드 언럭                 |  71,820원 | -30% | same
  [52/392]   [완결 세트] WISH (위시)              |   7,000원 | -30% | same
  [53/392]   [완결 세트] 샐비어의 부케                |   4,900원 | -30% | NEW
  [54/392]   [특별 세트] 귀부인 로자는 남몰래 사랑을 지..    |   9,450원 | -30% | NEW
  [55/392]   [완결 세트] 클로버(CLOVER)            |   5,600원 | -30% | same
  [56/392]   [완결 세트] 라이어 게임                 |  39,900원 | -30% | same
  [57/392]   [특별 세트] 전생하여 하이엘프가 되었지만, ..    |  12,800원 | -20% | same
  [58/392]   [완결 세트] 성전 -RG VEDA-           |  26,250원 | -30% | same
  [59/392]   [특별 세트] 엉터리 음양사의 호랑이 아내 (..    |  26,600원 | -30% | same
  [60/392]   [특별 세트] 다카하시 루미코의 인어시리즈 (..    |   8,400원 | -30% | NEW
  [61/392]   [특별 세트] 죽음에서 돌아온 박복한 영애, ..    |  19,600원 | -30% | same
  [62/392]   [특별 세트] 전생 악녀의 흑역사 (총 16권..    |  33,600원 | -30% | NEW
  [63/392]   [특별 세트] 일본삼국 (총 5권)            |  20,000원 | -20% | NEW
  [64/392]   [완결 세트] 불량배와 전학생               |   7,350원 | -30% | NEW
  [65/392]   [특별 세트] [코믹] 약사의 혼잣말 (총 1..    |  39,900원 | -30% | NEW
  [66/392]   [완결 세트] 캐릭캐릭 체인지! 신장판          |  33,600원 | -30% | NEW
  [67/392]   [완결 세트] 가정교사 히트맨 리본!           |  88,200원 | -30% | NEW
  [68/392]   [특별 세트] 쓰레기 용사 (총 5권)          |  10,500원 | -30% | NEW
  [69/392]   [완결 세트] 남친 때때로 여친              |   9,600원 | -20% | same
  [70/392]   [특별 세트] 어떤 과학의 초전자포 (총 19..    |  46,550원 | -30% | NEW
  [71/392]   [특별 세트] 아카네 이야기 (총 12권)        |  38,400원 | -20% | NEW
  [72/392]   [완결 세트] 아야카는 히로코 선배를 사랑하고..    |   6,300원 | -30% | NEW
  [73/392]   [특별 세트] 사일런트 위치 1~9권 + af..    |  49,000원 | -30% | NEW
  [74/392]   [특별 세트] 백합으로 이루는♥️희망 (총 5..    |  12,250원 | -30% | same
  [75/392]   [완결 세트] 미카코 72세                |   8,400원 | -30% | NEW
  [76/392]   [특별 세트] 어서 오세요 실력지상주의 교실에..    |  52,500원 | -30% | NEW
  [77/392]   [특별 세트] 지팡이와 검의 위스토리아 (총 ..    |  22,050원 | -30% | NEW
  [78/392]   [완결 세트] 금사빠라 귀여운 네가 좋아         |  19,600원 | -30% | NEW
  [79/392]   [특별 세트] 다이아몬드의 공죄 (총 7권)       |  25,200원 | -20% | NEW
  [80/392]   [특별 세트] 매캐한 이야기 (총 6권)         |  16,800원 | -30% | NEW
  [81/392]   [특별 세트] 반에서 두 번째로 귀여운 여자애..    |  21,000원 | -30% | NEW
  [82/392]   [특별 세트] 숨막힐 정도의 사랑을 줄게 (총..    |  10,500원 | -30% | NEW
  [83/392]   [특별 세트] GACHIAKUTA (총 15권..    |  39,900원 | -30% | NEW
  [84/392]   [완결 세트] 보랏빛 퀄리아                |   8,400원 | -30% | NEW
  [85/392]   [특별 세트] 리:블루 (총 4권)            |  14,400원 | -20% | NEW
  [86/392]   [특별 세트] Re : 제로부터 시작하는 이세..    | 147,000원 | -30% | NEW
  [87/392]   [특별 세트] [코믹] 반에서 두 번째로 귀여..    |  14,000원 | -30% | NEW
  [88/392]   [특별 세트] 약사의 혼잣말 (총 16권)        |  78,400원 | -30% | NEW
  [89/392]   [완결 세트] 거짓의 마리골드               |   7,200원 | -40% | NEW
  [90/392]   [완결 세트] 키리오 팬클럽                |  18,900원 | -30% | NEW
  [91/392]   [특별 세트] 검은 고양이와 마녀의 교실 (총..    |  31,920원 | -30% | NEW
  [92/392]   [완결 세트] 스티어의 마녀                |   7,980원 | -30% | NEW
  [93/392]   [특별 세트] 고양이와 신사의 티룸 (총 4권..    |   9,800원 | -30% | NEW
  [94/392]   [특별 세트] 남자인 내가 여자로 되기까지 (..    |  14,000원 | -30% | NEW
  [95/392]   [완결 세트] 쿠지마 노래하면 집이 파다닥        |  21,000원 | -30% | NEW
  [96/392]   [완결 세트] 나츠메 선배가 들이대는 나날        |  14,700원 | -30% | NEW
  [97/392]   [완결 세트] 코바토.                   |  14,700원 | -30% | NEW
  [98/392]   [완결 세트] 목소리의 형태                |  14,700원 | -30% | NEW
  [99/392]   [특별 세트] 마이 짱의 언니 사육밥 (총 6..    |  12,600원 | -30% | NEW
  [100/392]   [특별 세트] 용사 파티에서 쫓겨난 다재무능 ..    |  30,800원 | -30% | NEW
  [101/392]   [특별 세트] 독스레드 (총 4권)            |  14,400원 | -20% | NEW
  [102/392]   [특별 세트] 오타쿠에게 상냥한 갸루는 없다?..    |  18,620원 | -30% | NEW
  [103/392]   [완결 세트] 어떻게 해야 소꿉친구의 여친이 ..    |  10,500원 | -30% | NEW
  [104/392]   [완결 세트] 란마 1/2 애장판             |  70,000원 | -30% | NEW
  [105/392]   [완결 세트] 이윽고 네가 된다              |  25,550원 | -30% | NEW
  [106/392]   [완결 세트] 마법진 구루구루2              |  44,100원 | -30% | NEW
  [107/392]   [완결 세트] 너와 잇는 물거품              |  16,100원 | -30% | NEW
  [108/392]   [완결 세트] 여자 친구와 결혼해봤다           |   9,800원 | -30% | NEW
  [109/392]   [완결 세트] 무직전생 + 스페셜 북 (총 2..    |  90,300원 | -30% | NEW
  [110/392]   [완결 세트] 선을 넘지 못하는 가정교사와 학..    |   5,600원 | -30% | NEW
  [111/392]   [특별 세트] 86 -에이티식스- 1~13권 ..    |  50,750원 | -30% | NEW
  [112/392]   [완결 세트] 케모노와 왈츠                |       0원 | - 0% | NEW
  [113/392]   [특별 세트] 데드 마운트 데스 플레이 외전 ..    |       0원 | - 0% | NEW
  [114/392]   [완결 세트] 일도 사랑도 인사부터!           |       0원 | - 0% | NEW
  [115/392]   [특별 세트] 마왕성에서 잘 자요 (총 29권..    |       0원 | - 0% | NEW
  [116/392]   [특별 세트] [코믹] 책벌레의 하극상 제3부..    |       0원 | - 0% | NEW
  [117/392]   [완결 세트] 뱀피어즈                   |       0원 | - 0% | NEW
  [118/392]   [특별 세트] 이세계 유유자적 농가 (총 15..    |       0원 | - 0% | NEW
  [119/392]   [완결 세트] 백합 덕후에게 백합은 금지입니다..    |       0원 | - 0% | NEW
  [120/392]   [완결 세트] 다이아몬드 에이스              |       0원 | - 0% | NEW
  [121/392]   [특별 세트] 메이드 양은 먹기만 할 뿐 (총..    |       0원 | - 0% | NEW
  [122/392]   [특별 세트] 코스모스(COSMOS) (총 6..    |       0원 | - 0% | NEW
  [123/392]   [특별 세트] 오늘부터 시작하는 소꿉친구 (총..    |       0원 | - 0% | NEW
  [124/392]   [특별 세트] [코믹] 책벌레의 하극상 제4부..    |       0원 | - 0% | NEW
  [125/392]   [특별 세트] 옆집 천사님 때문에 어느샌가 인..    |       0원 | - 0% | NEW
  [126/392]   [완결 세트] 다이아몬드 에이스 actⅡ         |       0원 | - 0% | NEW
  [127/392]   [완결 세트] 1파운드의 복음               |       0원 | - 0% | NEW
  [128/392]   [완결 세트] 사이키 쿠스오의 재난            |       0원 | - 0% | NEW
  [129/392]   [완결 세트] 미묘하게 다정한 불량아           |       0원 | - 0% | NEW
  [130/392]   [완결 세트] 어서 오세요 실력지상주의 교실에      |       0원 | - 0% | NEW
  [131/392]   [완결 세트] 이누야샤                   |       0원 | - 0% | NEW
  [132/392]   [특별 세트] 여기는 내게 맡기고 먼저 가라고..    |       0원 | - 0% | NEW
  [133/392]   [특별 세트] 사랑해 게임을 끝내고 싶어 (총..    |       0원 | - 0% | NEW
  [134/392]   [완결 세트] [코믹] 사상 최악의 가짜 성녀..    |       0원 | - 0% | NEW
  [135/392]   [특별 세트] 섀도 하우스 (총 17권)         |       0원 | - 0% | NEW
  [136/392]   [특별 세트] 하이바라의 청춘 뉴 게임 플러스..    |       0원 | - 0% | NEW
  [137/392]   [특별 세트] 여성향 게임의 엑스트라조차 아니..    |       0원 | - 0% | NEW
  [138/392]   [특별 세트] [코믹] 이세계 유유자적 농가 ..    |       0원 | - 0% | NEW
  [139/392]   [완결 세트] 꽃과 입맞춤                 |       0원 | - 0% | NEW
  [140/392]   [완결 세트] 기동경찰 패트레이버 애장판         |       0원 | - 0% | NEW
  [141/392]   [특별 세트] 성녀였는데 어째선지 아니게 되었..    |       0원 | - 0% | NEW
  [142/392]   [완결 세트] 풀어 줘요, 유이 씨            |       0원 | - 0% | NEW
  [143/392]   [특별 세트] 반짝반짝과 이글이글 (총 5권)      |       0원 | - 0% | NEW
  [144/392]   [완결 세트] 벚꽃사중주 [신장판]            |       0원 | - 0% | NEW
  [145/392]   [완결 세트] 마법사의 범죄 수사             |       0원 | - 0% | NEW
  [146/392]   [특별 세트] 허당 선도부원과 스커트 길이가 ..    |       0원 | - 0% | NEW
  [147/392]   [특별 세트] 비극의 원흉이 되는 최강악역 최..    |       0원 | - 0% | NEW
  [148/392]   [특별 세트] [코믹] 옆집 천사님 때문에 어..    |       0원 | - 0% | NEW
  [149/392]   [완결 세트] 세습제 트라이앵글              |       0원 | - 0% | NEW
  [150/392]   [완결 세트] 기숙학교의 줄리엣              |       0원 | - 0% | NEW
  [151/392]   [특별 세트] [코믹] 무직전생 ~이세계에 갔..    |       0원 | - 0% | NEW
  [152/392]   [특별 세트] 마오 (총 24권)             |       0원 | - 0% | NEW
  [153/392]   [특별 세트] [코믹] 어떤 마술의 금서목록 ..    |       0원 | - 0% | NEW
  [154/392]   [특별세트] [코믹] 책벌레의 하극상 제1~4..    |       0원 | - 0% | NEW
  [155/392]   [특별 세트] 보이는 여고생 (총 11권)        |       0원 | - 0% | NEW
  [156/392]   [완결 세트] 최유기 신장판                |       0원 | - 0% | NEW
  [157/392]   [완결 세트] 탐정학원Q + 탐정학원Q 프리미..    |       0원 | - 0% | NEW
  [158/392]   [완결 세트] 슈가슈가 룬                 |       0원 | - 0% | NEW
  [159/392]   [완결 세트] 내 주먹을 받아라!             |       0원 | - 0% | NEW
  [160/392]   [완결 세트] 메종일각 신장판               |       0원 | - 0% | NEW
  [161/392]   [완결 세트] W 줄리엣                  |       0원 | - 0% | NEW
  [162/392]   [특별 세트] 킬러의 휴일 (KILLER'S ..    |       0원 | - 0% | NEW
  [163/392]   [특별 세트] 운명의 사람을 만나는 이야기 (..    |       0원 | - 0% | NEW
  [164/392]   [특별 세트] 쿠프룸의 신부 (총 7권)         |       0원 | - 0% | NEW
  [165/392]   [완결 세트] 짐승의 길                  |       0원 | - 0% | NEW
  [166/392]   [완결 세트] 결혼하고 싶은 타츠노미야 씨는 ..    |       0원 | - 0% | NEW
  [167/392]   [완결 세트] 미쨩과 아이리                |       0원 | - 0% | NEW
  [168/392]   [완결 세트] 친구게임                   |       0원 | - 0% | NEW
  [169/392]   [완결 세트] 최유기 외전                 |       0원 | - 0% | NEW
  [170/392]   [완결 세트] 고양이와 키스                |       0원 | - 0% | NEW
  [171/392]   [완결 세트] 니콜라의 느긋한 마계 기행         |       0원 | - 0% | NEW
  [172/392]   [완결 세트] 사실 나는                  |       0원 | - 0% | NEW
  [173/392]   [완결 세트] 투룸, G펜, 알람시계           |       0원 | - 0% | NEW
  [174/392]   [특별 세트] 환생했는데 제7왕자라 내맘대로 ..    |       0원 | - 0% | NEW
  [175/392]   [특별 세트] 데드 어카운트 (총 11권)        |       0원 | - 0% | NEW
  [176/392]   [특별 세트] 내가 인기 없는 건 아무리 생각..    |       0원 | - 0% | NEW
  [177/392]   [특별 세트] W 줄리엣Ⅱ (총 15권)         |       0원 | - 0% | NEW
  [178/392]   [특별 세트] 오빠의 아내와 살고 있습니다 (..    |       0원 | - 0% | NEW
  [179/392]   [완결 세트] 4월은 너의 거짓말 + Coda..    |       0원 | - 0% | NEW
  [180/392]   [특별 세트] 늑대와 향신료 (총 24권)        |       0원 | - 0% | NEW
  [181/392]   [완결 세트] 신의 물방울 deuxieme        |       0원 | - 0% | NEW
  [182/392]   [특별 세트] 검은 고양이와 마녀의 교실 (총..    |       0원 | - 0% | NEW
  [183/392]   [특별 세트] 요자쿠라 일가의 대작전 (총 2..    |       0원 | - 0% | NEW
  [184/392]   [특별 세트] 책벌레의 하극상 1~5부 (총 ..    |       0원 | - 0% | NEW
  [185/392]   [완결 세트] 10년 뒤의 카즈미짱            |       0원 | - 0% | NEW
  [186/392]   [완결 세트] 빈곤 영애의 혼약 소동 ~차기 ..    |       0원 | - 0% | NEW
  [187/392]   [완결 세트] 시이나 군의 동물백과            |       0원 | - 0% | NEW
  [188/392]   [완결 세트] 천원돌파 그렌라간              |       0원 | - 0% | NEW
  [189/392]   [특별 세트] 놓친 물고기는 컸지만 잡은 물고..    |       0원 | - 0% | NEW
  [190/392]   [완결 세트] 노라가미 1~27권 + 습유집 ..    |       0원 | - 0% | NEW
  [191/392]   [특별 세트] 3월의 라이온 (총 17권)        |       0원 | - 0% | NEW
  [192/392]   [완결 세트] 이누X보쿠SS                |       0원 | - 0% | NEW
  [193/392]   [완결 세트] 합격을 위한 쉬운 삼각 관계 입..    |       0원 | - 0% | NEW
  [194/392]   [완결 세트] 싸워라 양산박 사상 최강의 제자      |       0원 | - 0% | NEW
  [195/392]   [완결 세트] 이누야샤 와이드판              |       0원 | - 0% | NEW
  [196/392]   [완결 세트] [코믹] Re : 제로부터 시작..    |       0원 | - 0% | NEW
  [197/392]   [완결 세트] 사상최강의 제자 켄이치           |       0원 | - 0% | NEW
  [198/392]   [특별 세트] 공정 드래곤즈 (총 20권)        |       0원 | - 0% | NEW
  [199/392]   [특별 세트] 괴짜의 샐러드 볼 (총 5권)       |       0원 | - 0% | NEW
  [200/392]   [특별 세트] 망국의 마르그리트 (총 14권)      |       0원 | - 0% | NEW
  [201/392]   [특별 세트] 신살의 마왕, 최약 종족으로 환..    |       0원 | - 0% | NEW
  [202/392]   [특별 세트] 위치 워치 (총 20권)          |       0원 | - 0% | NEW
  [203/392]   [특별 세트] 또 죽고 말았나요, 탐정님 (총..    |       0원 | - 0% | NEW
  [204/392]   [특별 세트] 묵시록의 4기사 (총 21권)       |       0원 | - 0% | NEW
  [205/392]   [특별 세트] 못 미더운 악녀입니다만 ~추궁접..    |       0원 | - 0% | NEW
  [206/392]   [특별 세트] 8월 31일의 롱 서머 (총 9..    |       0원 | - 0% | NEW
  [207/392]   [특별 세트] 키리오 팬클럽 (총 5권)         |       0원 | - 0% | NEW
  [208/392]   [특별 세트] [코믹] 약사의 혼잣말(마오마오..    |       0원 | - 0% | NEW
  [209/392]   [완결 세트] [코믹] 무직전생 ~록시도 최선..    |       0원 | - 0% | NEW
  [210/392]   [특별 세트] [코믹] 새출발 영애는 용제 폐..    |       0원 | - 0% | NEW
  [211/392]   [완결 세트] 노부나가를 죽인 남자 ~혼노지의..    |       0원 | - 0% | NEW
  [212/392]   [완결 세트] 방랑소년                   |       0원 | - 0% | NEW
  [213/392]   [완결 세트] 일곱 개의 대죄 + 번외 + 외..    |       0원 | - 0% | NEW
  [214/392]   [완결 세트] 에니데비                   |       0원 | - 0% | NEW
  [215/392]   [완결 세트] 최애가 옆자리라 수업에 집중할 ..    |       0원 | - 0% | NEW
  [216/392]   [완결 세트] 금손 여고생과 OL 부녀자         |       0원 | - 0% | NEW
  [217/392]   [특별 세트] 공작 영애의 소양 (총 8권)       |       0원 | - 0% | NEW
  [218/392]   [완결 세트] S.A(스페셜 에이)            |       0원 | - 0% | NEW
  [219/392]   [완결 세트] 내일의 죠                  |       0원 | - 0% | NEW
  [220/392]   [완결 세트] [코믹] Re : 제로부터 시작..    |       0원 | - 0% | NEW
  [221/392]   [완결 세트] 영원의 안식처 (Eternal ..    |       0원 | - 0% | NEW
  [222/392]   [완결 세트] 만약 내가, 챔피언에서 왕녀의 ..    |       0원 | - 0% | NEW
  [223/392]   [완결 세트] 좀비 소녀와 사랑이 과한 성기사..    |       0원 | - 0% | NEW
  [224/392]   [완결 세트] 동거 생활                  |       0원 | - 0% | NEW
  [225/392]   [특별 세트] [코믹] 전생했더니 슬라임이었던..    |       0원 | - 0% | NEW
  [226/392]   [완결 세트] 이방의 오즈월드               |       0원 | - 0% | NEW
  [227/392]   [특별 세트] 별 내리는 왕국의 니나 (총 1..    |       0원 | - 0% | NEW
  [228/392]   [특별 세트] 페이트 그랜드 오더 -투라스 레..    |       0원 | - 0% | NEW
  [229/392]   [특별 세트] 불멸의 그대에게 (총 24권)       |       0원 | - 0% | NEW
  [230/392]   [완결 세트] 어른이 되어도                |       0원 | - 0% | NEW
  [231/392]   [완결 세트] 마녀와 기사는 살아남는다          |       0원 | - 0% | NEW
  [232/392]   [특별 세트] 걸즈 & 판처 좀 더 러브러브 ..    |       0원 | - 0% | NEW
  [233/392]   [완결 세트] 남고생을 키우고 싶은 누나 이야..    |       0원 | - 0% | NEW
  [234/392]   [완결 세트] 냉혈 남편에게 입맞춤을 ~다이쇼..    |       0원 | - 0% | NEW
  [235/392]   [완결 세트] 4월은 너의 거짓말             |       0원 | - 0% | NEW
  [236/392]   [완결 세트] 그녀가 되는 날               |       0원 | - 0% | NEW
  [237/392]   [완결 세트] [코믹] 늑대와 향신료           |       0원 | - 0% | NEW
  [238/392]   [완결 세트] 최유기 리로드                |       0원 | - 0% | NEW
  [239/392]   [완결 세트] 언니의 친구, 나의 애인.         |       0원 | - 0% | NEW
  [240/392]   [완결 세트] 시녀인데… 성검을 뽑아 버렸다!      |       0원 | - 0% | NEW
  [241/392]   [완결 세트] 장미왕의 장례 행렬             |       0원 | - 0% | NEW
  [242/392]   [완결 세트] 펠루아 이야기                |       0원 | - 0% | NEW
  [243/392]   [완결 세트] 콜레트는 죽기로 했다            |       0원 | - 0% | NEW
  [244/392]   [완결 세트] [코믹] Re : 제로부터 시작..    |       0원 | - 0% | NEW
  [245/392]   [완결 세트] 스트로베리 필즈를 다시 한 번       |       0원 | - 0% | NEW
  [246/392]   [완결 세트] 위벨 블라트                 |       0원 | - 0% | NEW
  [247/392]   [완결 세트] 은빛 숟가락                 |       0원 | - 0% | NEW
  [248/392]   [특별 세트] 나는 100만 명의 목숨 위에 ..    |       0원 | - 0% | NEW
  [249/392]   [특별 세트] 노부나가를 죽인 남자 ~일륜의 ..    |       0원 | - 0% | NEW
  [250/392]   [특별 세트] 라그나 크림슨 (총 16권)        |       0원 | - 0% | NEW
  [251/392]   [특별 세트] 팔운성 작 (총 7권)           |       0원 | - 0% | NEW
  [252/392]   [완결 세트] 코모모 콩피즈리               |       0원 | - 0% | NEW
  [253/392]   [특별 세트] 냐이트 오브 더 리빙 캣 (총 ..    |       0원 | - 0% | NEW
  [254/392]   [특별 세트] 더 화이팅 신장재편판 (총 52..    |       0원 | - 0% | NEW
  [255/392]   [특별 세트] 기프티드 (총 9권)            |       0원 | - 0% | NEW
  [256/392]   [특별 세트] [코믹] 책벌레의 하극상 제1~..    |       0원 | - 0% | NEW
  [257/392]   [특별 세트] 카난 님은 초보 악마 (총 9권..    |       0원 | - 0% | NEW
  [258/392]   [특별 세트] 집에서 자연스럽게 여장하는 소년..    |       0원 | - 0% | NEW
  [259/392]   [특별 세트] 이상적인 성녀? 미안, 가짜 성..    |       0원 | - 0% | NEW
  [260/392]   [특별 세트] [코믹] 여성향 게임의 파멸 플..    |       0원 | - 0% | NEW
  [261/392]   [특별 세트] 모모 환생 전기 (총 23권)       |       0원 | - 0% | NEW
  [262/392]   [완결 세트] 은의 밀밭                  |       0원 | - 0% | NEW
  [263/392]   [완결 세트] 벨제붑 아가씨의 뜻대로.          |       0원 | - 0% | NEW
  [264/392]   [완결 세트] 마법선생 네기마               |       0원 | - 0% | NEW
  [265/392]   [완결 세트] 전 남친이 부남자가 되었습니다.      |       0원 | - 0% | NEW
  [266/392]   [특별 세트] 유루유리 (총 22권)           |       0원 | - 0% | NEW
  [267/392]   [완결 세트] 서른 즈음이지만, 첫사랑입니다.      |       0원 | - 0% | NEW
  [268/392]   [완결 세트] 눈과 먹                   |       0원 | - 0% | NEW
  [269/392]   [완결 세트] 정시에 퇴근하면               |       0원 | - 0% | NEW
  [270/392]   [완결 세트] 교토 담배가게 요리코            |       0원 | - 0% | NEW
  [271/392]   [완결 세트] 거플릿 기숙사의 양들            |       0원 | - 0% | NEW
  [272/392]   [완결 세트] 드래곤 퀘스트 로토의 문장(애장..    |       0원 | - 0% | NEW
  [273/392]   [완결 세트] 일찍이 마법소녀와 악은 적대하고..    |       0원 | - 0% | NEW
  [274/392]   [특별 세트] 웃는 카노코씨 + 연애니 사랑이..    |       0원 | - 0% | NEW
  [275/392]   [완결 세트] 화산검가 [개정판]             |       0원 | - 0% | NEW
  [276/392]   [완결 세트] 돌아가는 길                 |       0원 | - 0% | NEW
  [277/392]   [완결 세트] 산동악가                   |       0원 | - 0% | NEW
  [278/392]   [특별 세트] 정령환상기 (총 27권)          |       0원 | - 0% | NEW
  [279/392]   [특별 세트] 블레스(BLESS) (총 7권)      |       0원 | - 0% | NEW
  [280/392]   [특별 세트] [코믹] Re: 제로부터 시작하..    |       0원 | - 0% | NEW
  [281/392]   [특별 세트] 여친, 빌리겠습니다 (총 41권..    |       0원 | - 0% | NEW
  [282/392]   [완결 세트] 코하루 군의 세포를             |       0원 | - 0% | NEW
  [283/392]   [특별 세트] 리아데일의 대지에서 (총 8권)      |       0원 | - 0% | NEW
  [284/392]   [특별 세트] 치토세 군은 라무네 병 속에 (..    |       0원 | - 0% | NEW
  [285/392]   [완결 세트] 누가 공작의 춤을 보았나?         |       0원 | - 0% | NEW
  [286/392]   [완결 세트] 홀리랜드                   |       0원 | - 0% | NEW
  [287/392]   [특별 세트] 치킨 파이터 (총 8권)          |       0원 | - 0% | NEW
  [288/392]   [특별 세트] [코믹] 리아데일의 대지에서 (..    |       0원 | - 0% | NEW
  [289/392]   [특별 세트] 늑대 폐하의 신부 + 특별합본판..    |       0원 | - 0% | NEW
  [290/392]   [완결 세트] 츠키시마의 암살법              |       0원 | - 0% | NEW
  [291/392]   [특별 세트] 슬라임을 잡으면서 300년, 모..    |       0원 | - 0% | NEW
  [292/392]   [완결 세트] 그녀가 되는 날 another       |       0원 | - 0% | NEW
  [293/392]   [완결 세트] 백 스트리트 걸스 (Back s..    |       0원 | - 0% | NEW
  [294/392]   [특별 세트] 이번에는 절대 방해하지 않을게요..    |       0원 | - 0% | NEW
  [295/392]   [완결 세트] 엘리트 건달                 |       0원 | - 0% | NEW
  [296/392]   [완결 세트] 반짝별 아가씨의 구혼            |       0원 | - 0% | NEW
  [297/392]   [완결 세트] 꿈에서 본 그 아이를 위하여        |       0원 | - 0% | NEW
  [298/392]   [완결 세트] 두 사람의 이스케이프            |       0원 | - 0% | NEW
  [299/392]   [완결 세트] 수신의 신부                 |       0원 | - 0% | NEW
  [300/392]   [특별 세트] 악역 영애는 미움받는 귀족을 사..    |       0원 | - 0% | NEW
  [301/392]   [완결 세트] 거친 계절의 소녀들이여.          |       0원 | - 0% | NEW
  [302/392]   [완결 세트] 몽식견문                   |       0원 | - 0% | NEW
  [303/392]   [완결 세트] 뜬금없지만, 내일 결혼합니다        |       0원 | - 0% | NEW
  [304/392]   [특별 세트] 아베가 저를 노리고 있습니다 (..    |       0원 | - 0% | NEW
  [305/392]   [완결 세트] 피곤에 쩌든 여자가 죽을 만큼 ..    |       0원 | - 0% | NEW
  [306/392]   [완결 세트] 시끌별 녀석들 완전판            |       0원 | - 0% | NEW
  [307/392]   [완결 세트] 월야오초지                  |       0원 | - 0% | NEW
  [308/392]   [완결 세트] 경계의 린네                 |       0원 | - 0% | NEW
  [309/392]   [완결 세트] 하토코 씨는 때때로 마법소녀        |       0원 | - 0% | NEW
  [310/392]   [완결 세트] 밤이 되면 나는               |       0원 | - 0% | NEW
  [311/392]   [완결 세트] 행복한 타카코 씨              |       0원 | - 0% | NEW
  [312/392]   [완결 세트] 러브 인 하우스               |       0원 | - 0% | NEW
  [313/392]   [완결 세트] 나와 그녀의 하룻밤 영화          |       0원 | - 0% | NEW
  [314/392]   [완결 세트] 달콤달콤&짜릿짜릿              |       0원 | - 0% | NEW
  [315/392]   [완결 세트] 마왕인 그 아이와 마을사람A        |       0원 | - 0% | NEW
  [316/392]   [완결 세트] 여왕의 기사                 |       0원 | - 0% | NEW
  [317/392]   [완결 세트] 코드 브레이커                |       0원 | - 0% | NEW
  [318/392]   [완결 세트] 전설의 캡짱 쇼우              |       0원 | - 0% | NEW
  [319/392]   [완결 세트] 텐프리즘                   |       0원 | - 0% | NEW
  [320/392]   [특별 세트] 사정을 모르는 전학생이 거침없이..    |       0원 | - 0% | NEW
  [321/392]   [특별 세트] 이웃집 스텔라 (총 9권)         |       0원 | - 0% | NEW
  [322/392]   [특별 세트] 전생하니까 단죄 스타트라니 듣지..    |       0원 | - 0% | NEW
  [323/392]   [특별 세트] 악역영애지만, 행복해질거예요! ..    |       0원 | - 0% | NEW
  [324/392]   [특별 세트] 전생하니까 단죄 스타트라니 듣지..    |       0원 | - 0% | NEW
  [325/392]   [특별 세트] 악역영애지만, 행복해질거예요! ..    |       0원 | - 0% | NEW
  [326/392]   [특별 세트] 모모세 아키라의 첫사랑 파탄 중..    |       0원 | - 0% | NEW
  [327/392]   [완결 세트] 아와지마 가극학교              |       0원 | - 0% | NEW
  [328/392]   [특별 세트] 오늘도 킬러는 할머니를 죽이지 ..    |       0원 | - 0% | NEW
  [329/392]   [완결 세트] 오늘, 코시바 아오이를 만날 수..    |       0원 | - 0% | NEW
  [330/392]   [완결 세트] 천마대성                   |       0원 | - 0% | NEW
  [331/392]   [특별 세트] 그와 그녀의 선택 (총 2권)       |       0원 | - 0% | NEW
  [332/392]   [완결 세트] 같이 피크닉 어떠세요?           |       0원 | - 0% | NEW
  [333/392]   [완결 세트] 사랑은 요괴와                |       0원 | - 0% | NEW
  [334/392]   [특별 세트] Get Ready? (겟 레디?..    |       0원 | - 0% | NEW
  [335/392]   [특별 세트] 눈이 나려 꽃 (총 24권)        |       0원 | - 0% | NEW
  [336/392]   [완결 세트] [코믹] 나는 친구가 적다         |       0원 | - 0% | NEW
  [337/392]   [완결 세트] 사랑과 요괴와 학생회            |       0원 | - 0% | NEW
  [338/392]   [특별 세트] 엑소시스터즈 (총 3권)          |       0원 | - 0% | NEW
  [339/392]   [완결 세트] 투게더                    |       0원 | - 0% | NEW
  [340/392]   [특별 세트] 1학년 A반의 몬스터 (총 14..    |       0원 | - 0% | NEW
  [341/392]   [특별 세트] 여동생에게 약혼자를 양보하라고 ..    |       0원 | - 0% | NEW
  [342/392]   [완결 세트] 유큐홀더!(UQ HOLDER!)      |       0원 | - 0% | NEW
  [343/392]   [완결 세트] BRAVE BELL (브레이브 ..    |       0원 | - 0% | NEW
  [344/392]   [완결 세트] 까마귀는 반짝이는 것을 좋아해       |       0원 | - 0% | NEW
  [345/392]   [완결 세트] 싸움의 기술 시즌2             |       0원 | - 0% | NEW
  [346/392]   [완결 세트] 아스카론                   |       0원 | - 0% | NEW
  [347/392]   [완결 세트] [코믹] 만약 내가, 챔피언에서..    |       0원 | - 0% | NEW
  [348/392]   [완결 세트] 괴도 르 뱅                 |       0원 | - 0% | NEW
  [349/392]   [완결 세트] 큐티 시스터                 |       0원 | - 0% | NEW
  [350/392]   [특별 세트] 전생했더니 슬라임이었던 건에 대..    |       0원 | - 0% | NEW
  [351/392]   [완결 세트] 리얼 어카운트                |       0원 | - 0% | NEW
  [352/392]   [특별 세트] [코믹] 슬라임을 잡으면서 30..    |       0원 | - 0% | NEW
  [353/392]   [완결 세트] 신의 물방울 최종장 마리아주        |       0원 | - 0% | NEW
  [354/392]   [완결 세트] 러브히나                   |       0원 | - 0% | NEW
  [355/392]   [완결 세트] 종말의 세라프 - 이치노세 구렌..    |       0원 | - 0% | NEW
  [356/392]   [완결 세트] 고상한 외톨이 영애는 첫사랑 왕..    |       0원 | - 0% | NEW
  [357/392]   [완결 세트] 파스텔                    |       0원 | - 0% | NEW
  [358/392]   [완결 세트] 건달군과 안경양               |       0원 | - 0% | NEW
  [359/392]   [완결 세트] 야마다와 7명의 마녀            |       0원 | - 0% | NEW
  [360/392]   [완결 세트] 유령 아파트 관리인             |       0원 | - 0% | NEW
  [361/392]   [완결 세트] 스모모모모모모                |       0원 | - 0% | NEW
  [362/392]   [완결 세트] 십병귀 1+2부 [개정판]         |       0원 | - 0% | NEW
  [363/392]   [완결 세트] 신의 물방울                 |       0원 | - 0% | NEW
  [364/392]   [완결 세트] 봄을 기다리는 우리들            |       0원 | - 0% | NEW
  [365/392]   [완결 세트] 5등분의 신부                |       0원 | - 0% | NEW
  [366/392]   [완결 세트] 그 사람의 위장에는 내가 부족해      |       0원 | - 0% | NEW
  [367/392]   [완결 세트] 화산검가 [개정판]             |       0원 | - 0% | NEW
  [368/392]   [특별 세트] 약혼자님에게서 도망칠 수 없어 ..    |       0원 | - 0% | NEW
  [369/392]   [완결 세트] [코믹] 여성향 게임의 파멸 플..    |       0원 | - 0% | NEW
  [370/392]   [완결 세트] 이데올로그!                 |       0원 | - 0% | NEW
  [371/392]   [완결 세트] 격투미신 무룡                |       0원 | - 0% | NEW
  [372/392]   [완결 세트] 사신 도련님과 검은 메이드         |       0원 | - 0% | NEW
  [373/392]   [완결 세트] 그녀가 너무 귀여워서 뺏을 수 ..    |       0원 | - 0% | NEW
  [374/392]   [완결 세트] 어느 점원과 손님 이야기          |       0원 | - 0% | NEW
  [375/392]   [완결 세트] 메탈하트(컬러)               |       0원 | - 0% | NEW
  [376/392]   [완결 세트] 돌아온 지켜줘! 롤리팝           |       0원 | - 0% | NEW
  [377/392]   [완결 세트] 매의 검                   |       0원 | - 0% | NEW
  [378/392]   [완결 세트] 지켜줘! 롤리팝               |       0원 | - 0% | NEW
  [379/392]   [완결 세트] 연애니 사랑이니               |       0원 | - 0% | NEW
  [380/392]   [완결 세트] 7856 칠전팔기 러브 미스터리      |       0원 | - 0% | NEW
  [381/392]   [완결 세트] 바로크(Baroque)           |       0원 | - 0% | NEW
  [382/392]   [완결 세트] 딩동 러시!                 |       0원 | - 0% | NEW
  [383/392]   [완결 세트] 싫어할 거에요, 사야마군          |       0원 | - 0% | NEW
  [384/392]   [완결 세트] 악마 소녀는 엑소시스트와 계약 ..    |       0원 | - 0% | NEW
  [385/392]   콩고양이 세트                        |       0원 | - 0% | NEW
  [386/392]   [완결 세트] 세계의 종말과 마녀의 사랑         |       0원 | - 0% | NEW
  [387/392]   [완결 세트] 레이디 빅토리안               |       0원 | - 0% | NEW
  [388/392]   [완결 세트] 백귀연란                   |       0원 | - 0% | NEW
  [389/392]   [특별 세트] 테즈카 오사무 초기 걸작선 세트      |       0원 | - 0% | NEW
  [390/392]   [완결 세트] 황제의 보물                 |       0원 | - 0% | NEW
  [391/392]   [완결 세트] 성우가 되자!                |       0원 | - 0% | NEW
  [392/392]   [완결 세트] 도서관 전쟁 시리즈 (소설)        |       0원 | - 0% | NEW

[RidiDB] Done — 392 books processed
